{"synthetic": false,
 "schemaVersion": "2025-09-10",
 "outputs":
 {"o": ["47d596e0a0aa3e61.olean"],
  "i": "9bba433fadf620d6.ilean",
  "c": "cc666969fd5c25f4.c"},
 "log":
 [{"message":
   ".> LEAN_PATH=/Users/pmahon/Research/Mathematics/Resolvent_Framework/formalization/ProofTree/.lake/packages/Cli/.lake/build/lib/lean:/Users/pmahon/Research/Mathematics/Resolvent_Framework/formalization/ProofTree/.lake/packages/batteries/.lake/build/lib/lean:/Users/pmahon/Research/Mathematics/Resolvent_Framework/formalization/ProofTree/.lake/packages/Qq/.lake/build/lib/lean:/Users/pmahon/Research/Mathematics/Resolvent_Framework/formalization/ProofTree/.lake/packages/aesop/.lake/build/lib/lean:/Users/pmahon/Research/Mathematics/Resolvent_Framework/formalization/ProofTree/.lake/packages/proofwidgets/.lake/build/lib/lean:/Users/pmahon/Research/Mathematics/Resolvent_Framework/formalization/ProofTree/.lake/packages/importGraph/.lake/build/lib/lean:/Users/pmahon/Research/Mathematics/Resolvent_Framework/formalization/ProofTree/.lake/packages/LeanSearchClient/.lake/build/lib/lean:/Users/pmahon/Research/Mathematics/Resolvent_Framework/formalization/ProofTree/.lake/packages/plausible/.lake/build/lib/lean:/Users/pmahon/Research/Mathematics/Resolvent_Framework/formalization/ProofTree/.lake/packages/mathlib/.lake/build/lib/lean:/Users/pmahon/Research/Mathematics/Resolvent_Framework/formalization/ProofTree/.lake/build/lib/lean /Users/pmahon/.elan/toolchains/leanprover--lean4---v4.28.0/bin/lean /Users/pmahon/Research/Mathematics/Resolvent_Framework/formalization/ProofTree/ProofTree.lean -o /Users/pmahon/Research/Mathematics/Resolvent_Framework/formalization/ProofTree/.lake/build/lib/lean/ProofTree.olean -i /Users/pmahon/Research/Mathematics/Resolvent_Framework/formalization/ProofTree/.lake/build/lib/lean/ProofTree.ilean -c /Users/pmahon/Research/Mathematics/Resolvent_Framework/formalization/ProofTree/.lake/build/ir/ProofTree.c --setup /Users/pmahon/Research/Mathematics/Resolvent_Framework/formalization/ProofTree/.lake/build/ir/ProofTree.setup.json --json",
   "level": "trace"}],
 "inputs":
 [["ProofTree:deps",
   [["deps",
     [["ProofTree/ProofTree:extraDep",
       [["@ProofTree:extraDep", "00000000000006bb"]]],
      ["imports",
       [["ProofTree.Extract transitive imports (legacy)", "00000000000006bb"],
        ["ProofTree.Extract:importAllArts", "834a0d763877a587"],
        ["ProofTree.Render transitive imports (legacy)", "47467f841ec69068"],
        ["ProofTree.Render:importAllArts", "0cff59cf875c2e93"],
        ["ProofTree.Command transitive imports (legacy)", "e7a8bdb7852d842e"],
        ["ProofTree.Command:importAllArts", "91fe3bcc89e8d2f2"]]]]],
    ["libs",
     [["import dynlibs", "00000000000006bb"],
      ["package external libraries", "00000000000006bb"],
      ["module dynlibs", "00000000000006bb"],
      ["module plugins", "00000000000006bb"]]]]],
  ["Lean 4.28.0, commit 7e01a1bf5c70fc6167d49c345d3bf80596e9a79b",
   "a96bc04a2e5e9630"],
  ["/Users/pmahon/Research/Mathematics/Resolvent_Framework/formalization/ProofTree/ProofTree.lean",
   "577b3dff6333b33b"],
  ["options",
   [["-DrelaxedAutoImplicit=false", "74a2b5546b55be80"],
    ["-Dpp.unicode.fun=true", "9b94070140457fab"]]],
  ["Module.leanArgs: #[]", "00000000000006bb"]],
 "depHash": "3b94c4b532d5b164"}